// Jest Snapshot v1, https://goo.gl/fbAQLP

exports[`auto pages auto pages router 1`] = `
Array [
  Object {
    "children": Array [
      Object {
        "component": "() => import('/packages/vite-plugin-pages/__tests__/assets/pages/index.vue')",
        "meta": Object {
          "layout": "",
        },
        "name": "index",
        "path": "/",
      },
    ],
    "component": "() => import('/packages/vite-plugin-pages/__tests__/assets/layouts/default.vue')",
    "path": "/",
  },
  Object {
    "children": Array [
      Object {
        "children": Array [
          Object {
            "children": Array [
              Object {
                "component": "() => import('/packages/vite-plugin-pages/__tests__/assets/pages/user/_id.vue')",
                "meta": Object {
                  "layout": "bar",
                },
                "name": "user-_id",
                "path": "/user/:id",
              },
            ],
            "component": "() => import('/packages/vite-plugin-pages/__tests__/assets/layouts/bar.vue')",
            "path": "/user/:id",
          },
          Object {
            "children": Array [
              Object {
                "component": "() => import('/packages/vite-plugin-pages/__tests__/assets/pages/user/foo.vue')",
                "meta": Object {
                  "layout": "",
                },
                "name": "user-foo",
                "path": "/user/foo",
              },
            ],
            "component": "() => import('/packages/vite-plugin-pages/__tests__/assets/layouts/default.vue')",
            "path": "/user/foo",
          },
          Object {
            "children": Array [
              Object {
                "component": "() => import('/packages/vite-plugin-pages/__tests__/assets/pages/user/nest_user/foo.vue')",
                "meta": Object {
                  "layout": "",
                },
                "name": "user-nest_user-foo",
                "path": "/user/nest_user/foo",
              },
            ],
            "component": "() => import('/packages/vite-plugin-pages/__tests__/assets/layouts/default.vue')",
            "path": "/user/nest_user/foo",
          },
          Object {
            "children": Array [
              Object {
                "component": "() => import('/packages/vite-plugin-pages/__tests__/assets/pages/user/zoom.vue')",
                "meta": Object {
                  "layout": "content",
                },
                "name": "user-zoom",
                "path": "/user/zoom",
              },
            ],
            "component": "() => import('/packages/vite-plugin-pages/__tests__/assets/layouts/content.vue')",
            "path": "/user/zoom",
          },
        ],
        "component": "() => import('/packages/vite-plugin-pages/__tests__/assets/pages/user/index.vue')",
        "meta": Object {
          "layout": "",
        },
        "name": "user",
        "path": "/user",
      },
    ],
    "component": "() => import('/packages/vite-plugin-pages/__tests__/assets/layouts/default.vue')",
    "path": "/user",
  },
  Object {
    "component": "() => import('/packages/vite-plugin-pages/__tests__/assets/pages/_.vue')",
    "meta": Object {
      "layout": "default",
    },
    "name": "_",
    "path": "/:pathMatch(.*)*",
  },
]
`;
