// Jest Snapshot v1, https://goo.gl/fbAQLP

exports[`generates generateRoutes 1`] = `
Array [
  Object {
    "children": Array [
      Object {
        "children": Array [
          Object {
            "children": Array [
              Object {
                "component": "() => import('/packages/vite-plugin-pages/__tests__/assets/pages/_$dn.vue')",
                "meta": Object {
                  "layout": "content",
                },
                "path": "/:dn",
              },
            ],
            "component": "() => import('/packages/vite-plugin-pages/__tests__/assets/layouts/content.vue')",
            "path": "/:dn",
          },
          Object {
            "children": Array [
              Object {
                "component": "() => import('/packages/vite-plugin-pages/__tests__/assets/pages/$zoom.vue')",
                "meta": Object {
                  "layout": "content",
                },
                "path": "/zoom",
              },
            ],
            "component": "() => import('/packages/vite-plugin-pages/__tests__/assets/layouts/content.vue')",
            "path": "/zoom",
          },
        ],
        "component": "() => import('/packages/vite-plugin-pages/__tests__/assets/pages/index.vue')",
        "meta": Object {
          "layout": "",
        },
        "path": "/",
      },
    ],
    "component": "() => import('/packages/vite-plugin-pages/__tests__/assets/layouts/default.vue')",
    "path": "/",
  },
  Object {
    "children": Array [
      Object {
        "children": Array [
          Object {
            "children": Array [
              Object {
                "children": Array [
                  Object {
                    "children": Array [
                      Object {
                        "component": "() => import('/packages/vite-plugin-pages/__tests__/assets/pages/user/$nest_user/$zoom.vue')",
                        "meta": Object {
                          "layout": "content",
                        },
                        "path": "/user/nest_user/zoom",
                      },
                    ],
                    "component": "() => import('/packages/vite-plugin-pages/__tests__/assets/layouts/content.vue')",
                    "path": "/user/nest_user/zoom",
                  },
                ],
                "component": "() => import('/packages/vite-plugin-pages/__tests__/assets/pages/user/$nest_user/index.vue')",
                "meta": Object {
                  "layout": "",
                },
                "path": "/user/nest_user",
              },
            ],
            "component": "() => import('/packages/vite-plugin-pages/__tests__/assets/layouts/default.vue')",
            "path": "/user/nest_user",
          },
        ],
        "component": "() => import('/packages/vite-plugin-pages/__tests__/assets/pages/user/index.vue')",
        "meta": Object {
          "layout": "",
        },
        "path": "/user",
      },
    ],
    "component": "() => import('/packages/vite-plugin-pages/__tests__/assets/layouts/default.vue')",
    "path": "/user",
  },
  Object {
    "children": Array [
      Object {
        "component": "() => import('/packages/vite-plugin-pages/__tests__/assets/pages/user/foo.vue')",
        "meta": Object {
          "layout": "",
        },
        "path": "/user/foo",
      },
    ],
    "component": "() => import('/packages/vite-plugin-pages/__tests__/assets/layouts/default.vue')",
    "path": "/user/foo",
  },
  Object {
    "children": Array [
      Object {
        "component": "() => import('/packages/vite-plugin-pages/__tests__/assets/pages/user/_id.vue')",
        "meta": Object {
          "layout": "bar",
        },
        "path": "/user/:id",
      },
    ],
    "component": "() => import('/packages/vite-plugin-pages/__tests__/assets/layouts/bar.vue')",
    "path": "/user/:id",
  },
  Object {
    "children": Array [
      Object {
        "component": "() => import('/packages/vite-plugin-pages/__tests__/assets/pages/user/$nest_user/foo.vue')",
        "meta": Object {
          "layout": "",
        },
        "path": "/user/nest_user/foo",
      },
    ],
    "component": "() => import('/packages/vite-plugin-pages/__tests__/assets/layouts/default.vue')",
    "path": "/user/nest_user/foo",
  },
  Object {
    "children": Array [
      Object {
        "component": "() => import('/packages/vite-plugin-pages/__tests__/assets/pages/user/$nest_user/_.vue')",
        "meta": Object {
          "layout": "default",
        },
        "path": "/user/nest_user/:pathMatch(.*)*",
      },
    ],
    "component": "() => import('/packages/vite-plugin-pages/__tests__/assets/layouts/default.vue')",
    "path": "/user/nest_user/:pathMatch(.*)*",
  },
  Object {
    "children": Array [
      Object {
        "component": "() => import('/packages/vite-plugin-pages/__tests__/assets/pages/user/not_nest_user/foo.vue')",
        "meta": Object {
          "layout": "",
        },
        "path": "/user/not_nest_user/foo",
      },
    ],
    "component": "() => import('/packages/vite-plugin-pages/__tests__/assets/layouts/default.vue')",
    "path": "/user/not_nest_user/foo",
  },
  Object {
    "children": Array [
      Object {
        "component": "() => import('/packages/vite-plugin-pages/__tests__/assets/pages/user/not_nest_user/_.vue')",
        "meta": Object {
          "layout": "default",
        },
        "path": "/user/not_nest_user/:pathMatch(.*)*",
      },
    ],
    "component": "() => import('/packages/vite-plugin-pages/__tests__/assets/layouts/default.vue')",
    "path": "/user/not_nest_user/:pathMatch(.*)*",
  },
  Object {
    "children": Array [
      Object {
        "component": "() => import('/packages/vite-plugin-pages/__tests__/assets/pages/user/zoom.vue')",
        "meta": Object {
          "layout": "content",
        },
        "path": "/user/zoom",
      },
    ],
    "component": "() => import('/packages/vite-plugin-pages/__tests__/assets/layouts/content.vue')",
    "path": "/user/zoom",
  },
  Object {
    "component": "() => import('/packages/vite-plugin-pages/__tests__/assets/pages/_.vue')",
    "meta": Object {
      "layout": "default",
    },
    "path": "/:pathMatch(.*)*",
  },
]
`;
