// Vitest Snapshot v1

exports[`pages > getPages 1`] = `
[
  {
    "layout": "",
    "nestedRoute": false,
    "parentRoutePath": "/",
    "pathFromPagesDir": "index.vue",
    "pathFromPagesDirNormalized": "/",
    "pathFromRootDir": "packages/vite-plugin-pages/__tests__/assets/pages/index.vue",
    "routePath": "/",
  },
  {
    "layout": "content",
    "nestedRoute": true,
    "parentRoutePath": "/",
    "pathFromPagesDir": "_$dn.vue",
    "pathFromPagesDirNormalized": "/dn.vue",
    "pathFromRootDir": "packages/vite-plugin-pages/__tests__/assets/pages/_$dn.vue",
    "routePath": "/:dn",
  },
  {
    "layout": "",
    "nestedRoute": false,
    "parentRoutePath": "/",
    "pathFromPagesDir": "user/index.vue",
    "pathFromPagesDirNormalized": "/user/",
    "pathFromRootDir": "packages/vite-plugin-pages/__tests__/assets/pages/user/index.vue",
    "routePath": "/user",
  },
  {
    "layout": "",
    "nestedRoute": false,
    "parentRoutePath": "/user",
    "pathFromPagesDir": "user/foo.vue",
    "pathFromPagesDirNormalized": "/user/foo.vue",
    "pathFromRootDir": "packages/vite-plugin-pages/__tests__/assets/pages/user/foo.vue",
    "routePath": "/user/foo",
  },
  {
    "layout": "bar",
    "nestedRoute": false,
    "parentRoutePath": "/user",
    "pathFromPagesDir": "user/_id.vue",
    "pathFromPagesDirNormalized": "/user/id.vue",
    "pathFromRootDir": "packages/vite-plugin-pages/__tests__/assets/pages/user/_id.vue",
    "routePath": "/user/:id",
  },
  {
    "layout": "",
    "nestedRoute": true,
    "parentRoutePath": "/user",
    "pathFromPagesDir": "user/$nest_user/index.vue",
    "pathFromPagesDirNormalized": "/user/nest_user/",
    "pathFromRootDir": "packages/vite-plugin-pages/__tests__/assets/pages/user/$nest_user/index.vue",
    "routePath": "/user/nest_user",
  },
  {
    "layout": "",
    "nestedRoute": false,
    "parentRoutePath": "/user/nest_user",
    "pathFromPagesDir": "user/$nest_user/foo.vue",
    "pathFromPagesDirNormalized": "/user/nest_user/foo.vue",
    "pathFromRootDir": "packages/vite-plugin-pages/__tests__/assets/pages/user/$nest_user/foo.vue",
    "routePath": "/user/nest_user/foo",
  },
  {
    "layout": "content",
    "nestedRoute": true,
    "parentRoutePath": "/user/nest_user",
    "pathFromPagesDir": "user/$nest_user/$zoom.vue",
    "pathFromPagesDirNormalized": "/user/nest_user/zoom.vue",
    "pathFromRootDir": "packages/vite-plugin-pages/__tests__/assets/pages/user/$nest_user/$zoom.vue",
    "routePath": "/user/nest_user/zoom",
  },
  {
    "layout": "default",
    "nestedRoute": false,
    "parentRoutePath": "/user/nest_user",
    "pathFromPagesDir": "user/$nest_user/_.vue",
    "pathFromPagesDirNormalized": "/user/nest_user/~.vue",
    "pathFromRootDir": "packages/vite-plugin-pages/__tests__/assets/pages/user/$nest_user/_.vue",
    "routePath": "/user/nest_user/:pathMatch(.*)*",
  },
  {
    "layout": "",
    "nestedRoute": false,
    "parentRoutePath": "/user/not_nest_user",
    "pathFromPagesDir": "user/not_nest_user/foo.vue",
    "pathFromPagesDirNormalized": "/user/not_nest_user/foo.vue",
    "pathFromRootDir": "packages/vite-plugin-pages/__tests__/assets/pages/user/not_nest_user/foo.vue",
    "routePath": "/user/not_nest_user/foo",
  },
  {
    "layout": "default",
    "nestedRoute": false,
    "parentRoutePath": "/user/not_nest_user",
    "pathFromPagesDir": "user/not_nest_user/_.vue",
    "pathFromPagesDirNormalized": "/user/not_nest_user/~.vue",
    "pathFromRootDir": "packages/vite-plugin-pages/__tests__/assets/pages/user/not_nest_user/_.vue",
    "routePath": "/user/not_nest_user/:pathMatch(.*)*",
  },
  {
    "layout": "content",
    "nestedRoute": false,
    "parentRoutePath": "/user",
    "pathFromPagesDir": "user/zoom.vue",
    "pathFromPagesDirNormalized": "/user/zoom.vue",
    "pathFromRootDir": "packages/vite-plugin-pages/__tests__/assets/pages/user/zoom.vue",
    "routePath": "/user/zoom",
  },
  {
    "layout": "content",
    "nestedRoute": true,
    "parentRoutePath": "/",
    "pathFromPagesDir": "$zoom.vue",
    "pathFromPagesDirNormalized": "/zoom.vue",
    "pathFromRootDir": "packages/vite-plugin-pages/__tests__/assets/pages/$zoom.vue",
    "routePath": "/zoom",
  },
  {
    "layout": "default",
    "nestedRoute": false,
    "parentRoutePath": "/",
    "pathFromPagesDir": "_.vue",
    "pathFromPagesDirNormalized": "/~.vue",
    "pathFromRootDir": "packages/vite-plugin-pages/__tests__/assets/pages/_.vue",
    "routePath": "/:pathMatch(.*)*",
  },
]
`;

exports[`pages > getPages 2`] = `
[
  {
    "layout": "",
    "nestedRoute": false,
    "parentRoutePath": "/",
    "pathFromPagesDir": "index.vue",
    "pathFromPagesDirNormalized": "/",
    "pathFromRootDir": "packages/vite-plugin-pages/__tests__/assets/pages/index.vue",
    "routePath": "/",
  },
  {
    "layout": "content",
    "nestedRoute": true,
    "parentRoutePath": "/",
    "pathFromPagesDir": "_$dn.vue",
    "pathFromPagesDirNormalized": "/dn.vue",
    "pathFromRootDir": "packages/vite-plugin-pages/__tests__/assets/pages/_$dn.vue",
    "routePath": "/:dn",
  },
  {
    "layout": "",
    "nestedRoute": false,
    "parentRoutePath": "/",
    "pathFromPagesDir": "user/index.vue",
    "pathFromPagesDirNormalized": "/user/",
    "pathFromRootDir": "packages/vite-plugin-pages/__tests__/assets/pages/user/index.vue",
    "routePath": "/user",
  },
  {
    "layout": "",
    "nestedRoute": false,
    "parentRoutePath": "/user",
    "pathFromPagesDir": "user/foo.vue",
    "pathFromPagesDirNormalized": "/user/foo.vue",
    "pathFromRootDir": "packages/vite-plugin-pages/__tests__/assets/pages/user/foo.vue",
    "routePath": "/user/foo",
  },
  {
    "layout": "bar",
    "nestedRoute": false,
    "parentRoutePath": "/user",
    "pathFromPagesDir": "user/_id.vue",
    "pathFromPagesDirNormalized": "/user/id.vue",
    "pathFromRootDir": "packages/vite-plugin-pages/__tests__/assets/pages/user/_id.vue",
    "routePath": "/user/:id",
  },
  {
    "layout": "",
    "nestedRoute": true,
    "parentRoutePath": "/user",
    "pathFromPagesDir": "user/$nest_user/index.vue",
    "pathFromPagesDirNormalized": "/user/nest_user/",
    "pathFromRootDir": "packages/vite-plugin-pages/__tests__/assets/pages/user/$nest_user/index.vue",
    "routePath": "/user/nest_user",
  },
  {
    "layout": "",
    "nestedRoute": false,
    "parentRoutePath": "/user/nest_user",
    "pathFromPagesDir": "user/$nest_user/foo.vue",
    "pathFromPagesDirNormalized": "/user/nest_user/foo.vue",
    "pathFromRootDir": "packages/vite-plugin-pages/__tests__/assets/pages/user/$nest_user/foo.vue",
    "routePath": "/user/nest_user/foo",
  },
  {
    "layout": "content",
    "nestedRoute": true,
    "parentRoutePath": "/user/nest_user",
    "pathFromPagesDir": "user/$nest_user/$zoom.vue",
    "pathFromPagesDirNormalized": "/user/nest_user/zoom.vue",
    "pathFromRootDir": "packages/vite-plugin-pages/__tests__/assets/pages/user/$nest_user/$zoom.vue",
    "routePath": "/user/nest_user/zoom",
  },
  {
    "layout": "default",
    "nestedRoute": false,
    "parentRoutePath": "/user/nest_user",
    "pathFromPagesDir": "user/$nest_user/_.vue",
    "pathFromPagesDirNormalized": "/user/nest_user/~.vue",
    "pathFromRootDir": "packages/vite-plugin-pages/__tests__/assets/pages/user/$nest_user/_.vue",
    "routePath": "/user/nest_user/:pathMatch(.*)*",
  },
  {
    "layout": "",
    "nestedRoute": false,
    "parentRoutePath": "/user/not_nest_user",
    "pathFromPagesDir": "user/not_nest_user/foo.vue",
    "pathFromPagesDirNormalized": "/user/not_nest_user/foo.vue",
    "pathFromRootDir": "packages/vite-plugin-pages/__tests__/assets/pages/user/not_nest_user/foo.vue",
    "routePath": "/user/not_nest_user/foo",
  },
  {
    "layout": "default",
    "nestedRoute": false,
    "parentRoutePath": "/user/not_nest_user",
    "pathFromPagesDir": "user/not_nest_user/_.vue",
    "pathFromPagesDirNormalized": "/user/not_nest_user/~.vue",
    "pathFromRootDir": "packages/vite-plugin-pages/__tests__/assets/pages/user/not_nest_user/_.vue",
    "routePath": "/user/not_nest_user/:pathMatch(.*)*",
  },
  {
    "layout": "content",
    "nestedRoute": false,
    "parentRoutePath": "/user",
    "pathFromPagesDir": "user/zoom.vue",
    "pathFromPagesDirNormalized": "/user/zoom.vue",
    "pathFromRootDir": "packages/vite-plugin-pages/__tests__/assets/pages/user/zoom.vue",
    "routePath": "/user/zoom",
  },
  {
    "layout": "content",
    "nestedRoute": true,
    "parentRoutePath": "/",
    "pathFromPagesDir": "$zoom.vue",
    "pathFromPagesDirNormalized": "/zoom.vue",
    "pathFromRootDir": "packages/vite-plugin-pages/__tests__/assets/pages/$zoom.vue",
    "routePath": "/zoom",
  },
  {
    "layout": "default",
    "nestedRoute": false,
    "parentRoutePath": "/",
    "pathFromPagesDir": "_.vue",
    "pathFromPagesDirNormalized": "/~.vue",
    "pathFromRootDir": "packages/vite-plugin-pages/__tests__/assets/pages/_.vue",
    "routePath": "/:pathMatch(.*)*",
  },
]
`;
